================================================================================
                    GRAPH UTILITY - TEST EXECUTION REPORT
================================================================================
Timestamp: 2026-08-20T19:55:00+05:30
Environment: Node.js (Experimental VM Modules), Jest 29.7.0, Windows 11
Plugin Target: anp-09-graph-utility (Graph Utility)

TEST SUITE RESULTS:
--------------------------------------------------------------------------------
PASS anp-09-graph-utility/test/onEmbedCall.test.js
  ✓ handleEmbedCall › should return note details on refreshData (Happy Path)
  ✓ handleEmbedCall › should throw error on refreshData if note not found (Error Case)
  ✓ handleEmbedCall › should open note on openNote (Happy Path)
  ✓ handleEmbedCall › should return error on openNote if no uuid provided (Error Case)
  ✓ handleEmbedCall › should save state cleanly on saveState (Happy Path)
  ✓ handleEmbedCall › should cap stored state to at most 50 notes (Edge Case)
  ✓ handleEmbedCall › should reject invalid state payload on saveState (Error Case)
  ✓ handleEmbedCall › should retrieve saved state on getState (Happy Path)
  ✓ handleEmbedCall › should return null state if not set on getState (Edge Case)
  ✓ handleEmbedCall › should copy tables to new note on copyTablesToNewNote (Happy Path)
  ✓ handleEmbedCall › should insert image above matching table when note is unchanged (Happy Path)
  ✓ handleEmbedCall › should find single matching table by raw content when note shifted concurrently (Happy Path)
  ✓ handleEmbedCall › should fail closed and not modify note when table cannot be verified (Edge Case)
  ✓ handleEmbedCall › should reject saveImageToNote when note modified and duplicate tables exist (Ambiguous Shift)
  ✓ handleEmbedCall › should insert formula table to note with compiled expression (Happy Path)
  ✓ handleEmbedCall › should reject insertFormulaTableToNote on invalid syntax (Error Case)
  ✓ handleEmbedCall › should save formula image to note with media attachment (Happy Path)
  ✓ handleEmbedCall › should reject unknown action name (Error Case)

PASS anp-09-graph-utility/test/mathEvaluator.test.js
  ✓ tokenizeMath › should tokenize numbers, variables, operators, and functions (Happy Path)
  ✓ tokenizeMath › should tokenize scientific notation (Happy Path)
  ✓ tokenizeMath › should handle implicit multiplication for numbers and variables (Happy Path)
  ✓ parseMathExpression › should parse basic arithmetic with correct precedence (Happy Path)
  ✓ evaluateMath › should evaluate arithmetic and trigonometric functions accurately (Happy Path)
  ✓ evaluateMath › should handle division without artificial near-zero caps (Happy Path)
  ✓ evaluateMath › should return null for division by zero (Edge Case)
  ✓ evaluateMath › should return null on syntax error without throwing (Error Case)

PASS anp-09-graph-utility/test/markdownParser.test.js
  ✓ splitTableRow › should split standard row into cells (Happy Path)
  ✓ splitTableRow › should respect escaped pipe characters (Edge Case)
  ✓ removeEmptyRowsAndColumns › should remove completely empty rows (Happy Path)
  ✓ removeEmptyRowsAndColumns › should preserve deliberate empty columns while cleaning rows (Happy Path)
  ✓ extractStructuredTables › should extract and parse markdown tables with metadata (Happy Path)
  ✓ extractStructuredTables › should ignore tables inside fenced code blocks (Edge Case)
  ✓ extractStructuredTables › should not treat regular text paragraphs with pipe characters as tables (Edge Case)

PASS anp-09-graph-utility/test/tableTranspose.test.js
  ✓ transposeArray › should transpose 2D array accurately (Happy Path)
  ✓ transposeStructuredTable › should transpose structured table and retain sourceIndex (Happy Path)
  ✓ transposeMarkdownTables › should transpose markdown table text (Happy Path)

PASS anp-09-graph-utility/test/formulaSampler.test.js
  ✓ sampleMultiFormulas › should generate sample points across specified domain (Happy Path)
  ✓ generateFormulaMarkdownTable › should generate valid Markdown coordinate table (Happy Path)

PASS anp-09-graph-utility/test/csvConverter.test.js
  ✓ convertMarkdownToCSV › should convert markdown table to RFC 4180 CSV (Happy Path)

PASS anp-09-graph-utility/test/dateTime.test.js
  ✓ formatDate / parseDate › should format and parse ISO and standard date formats (Happy Path)

PASS anp-09-graph-utility/test/htmlTemplate.test.js
  ✓ buildChartHtml › should escape script tag boundaries in payload injection (Security)
  ✓ buildChartHtml › should produce syntactically valid script tags without breakout (Security)

SUMMARY:
--------------------------------------------------------------------------------
Test Suites: 8 passed, 8 total
Tests:       70 passed, 70 total
Snapshots:   0 total
Time:        2.348 s
Result:      100% PASSING (ALL VERIFIED)
================================================================================
